    Creating library `sbml_wasm_project` package
note: see more `Cargo.toml` keys and their definitions at https://doc.rust-lang.org/cargo/reference/manifest.html
Building WASM package...
[INFO]: Checking for the Wasm target...
info: downloading component 'rust-std' for 'wasm32-unknown-unknown'
info: installing component 'rust-std' for 'wasm32-unknown-unknown'
[INFO]: Compiling to Wasm...
   Compiling proc-macro2 v1.0.103
   Compiling unicode-ident v1.0.22
   Compiling quote v1.0.42
   Compiling wasm-bindgen-shared v0.2.106
   Compiling rustversion v1.0.22
   Compiling autocfg v1.5.0
   Compiling bumpalo v3.19.0
   Compiling libm v0.2.15
   Compiling once_cell v1.21.3
   Compiling cfg-if v1.0.4
   Compiling zerocopy v0.8.30
   Compiling bytemuck v1.24.0
   Compiling nano-gemm-codegen v0.1.0
   Compiling crossbeam-utils v0.8.21
   Compiling paste v1.0.15
   Compiling version_check v0.9.5
   Compiling rayon-core v1.13.0
   Compiling reborrow v0.5.5
   Compiling dyn-stack-macros v0.1.3
   Compiling memchr v2.7.6
   Compiling either v1.15.0
   Compiling bitflags v2.10.0
   Compiling ucd-trie v0.1.7
   Compiling dyn-stack v0.13.2
   Compiling pulp v0.21.5
   Compiling raw-cpuid v11.6.0
   Compiling num-traits v0.2.19
   Compiling seq-macro v0.3.6
   Compiling nano-gemm-core v0.1.0
   Compiling matrixmultiply v0.3.10
   Compiling safe_arch v0.7.4
   Compiling serde_core v1.0.228
   Compiling typenum v1.19.0
   Compiling nano-gemm-f64 v0.1.0
   Compiling nano-gemm-c32 v0.1.0
   Compiling nano-gemm-f32 v0.1.0
   Compiling wasm-bindgen v0.2.106
   Compiling crossbeam-epoch v0.9.18
   Compiling pest v2.8.4
   Compiling nano-gemm-c64 v0.1.0
   Compiling wide v0.7.33
   Compiling rawpointer v0.2.1
   Compiling syn v2.0.111
   Compiling crossbeam-deque v0.8.6
   Compiling equivalent v1.0.2
   Compiling foldhash v0.1.5
   Compiling hashbrown v0.16.1
   Compiling generativity v1.1.0
   Compiling serde v1.0.228
   Compiling byteorder v1.5.0
   Compiling thiserror v2.0.17
   Compiling hashbrown v0.15.5
   Compiling serde_json v1.0.145
   Compiling diffsol v0.6.6
   Compiling fixedbitset v0.5.7
   Compiling ryu v1.0.20
   Compiling itoa v1.0.15
   Compiling rayon v1.11.0
   Compiling indexmap v2.12.1
   Compiling num-integer v0.1.46
   Compiling ppv-lite86 v0.2.21
   Compiling pest_meta v2.8.4
   Compiling approx v0.5.1
   Compiling num-bigint v0.4.6
   Compiling num-rational v0.4.2
   Compiling petgraph v0.8.3
   Compiling wasm-bindgen-macro-support v0.2.106
   Compiling pest_generator v2.8.4
   Compiling equator-macro v0.2.1
   Compiling equator-macro v0.4.2
   Compiling nalgebra-macros v0.2.2
   Compiling faer-macros v0.21.0
   Compiling serde_derive v1.0.228
   Compiling thiserror-impl v2.0.17
   Compiling pest_derive v2.8.4
   Compiling equator v0.2.2
   Compiling equator v0.4.2
   Compiling wasm-bindgen-macro v0.2.106
   Compiling js-sys v0.3.83
   Compiling getrandom v0.2.16
   Compiling rand_core v0.6.4
   Compiling rand_chacha v0.3.1
   Compiling rand v0.8.5
   Compiling num-complex v0.4.6
   Compiling rand_distr v0.4.3
   Compiling py_literal v0.4.0
   Compiling simba v0.9.1
   Compiling npyz v0.8.4
   Compiling nano-gemm v0.1.3
   Compiling gemm-common v0.18.2
   Compiling qd v0.7.7
   Compiling faer-traits v0.22.1
   Compiling gemm-f32 v0.18.2
   Compiling gemm-c64 v0.18.2
   Compiling gemm-f64 v0.18.2
   Compiling gemm-c32 v0.18.2
   Compiling gemm v0.18.2
   Compiling faer v0.22.6
   Compiling nalgebra v0.33.2
   Compiling nalgebra-sparse v0.10.0
   Compiling sbml_wasm_project v0.1.0 (/tmp/sbml_wasm_build/sbml_wasm_project)
warning: unused variable: `Urine`
   --> src/lib.rs:130:9
    |
130 |     let Urine = sim_params.Urine;
    |         ^^^^^ help: if this is intentional, prefix it with an underscore: `_Urine`
    |
    = note: `#[warn(unused_variables)]` (part of `#[warn(unused)]`) on by default

warning: unused variable: `Gut`
   --> src/lib.rs:131:9
    |
131 |     let Gut = sim_params.Gut;
    |         ^^^ help: if this is intentional, prefix it with an underscore: `_Gut`

warning: unused variable: `QMetab`
   --> src/lib.rs:163:13
    |
163 |         let QMetab = y[4];
    |             ^^^^^^ help: if this is intentional, prefix it with an underscore: `_QMetab`

warning: unused variable: `QExcret`
   --> src/lib.rs:171:13
    |
171 |         let QExcret = y[12];
    |             ^^^^^^^ help: if this is intentional, prefix it with an underscore: `_QExcret`

warning: unused variable: `x55`
   --> src/lib.rs:258:13
    |
258 |         let x55 = x2*x4;
    |             ^^^ help: if this is intentional, prefix it with an underscore: `_x55`

warning: unused variable: `x56`
   --> src/lib.rs:259:13
    |
259 |         let x56 = x5*x7;
    |             ^^^ help: if this is intentional, prefix it with an underscore: `_x56`

warning: unused variable: `x57`
   --> src/lib.rs:260:13
    |
260 |         let x57 = x10*x8;
    |             ^^^ help: if this is intentional, prefix it with an underscore: `_x57`

warning: unused variable: `x59`
   --> src/lib.rs:266:13
    |
266 |         let x59 = fub*if x18 {
    |             ^^^ help: if this is intentional, prefix it with an underscore: `_x59`

warning: unused variable: `x60`
   --> src/lib.rs:271:13
    |
271 |         let x60 = x11*x24;
    |             ^^^ help: if this is intentional, prefix it with an underscore: `_x60`

warning: unused variable: `x61`
   --> src/lib.rs:272:13
    |
272 |         let x61 = 1.0*kGut;
    |             ^^^ help: if this is intentional, prefix it with an underscore: `_x61`

warning: unused variable: `x62`
   --> src/lib.rs:273:13
    |
273 |         let x62 = 1.0*x0;
    |             ^^^ help: if this is intentional, prefix it with an underscore: `_x62`

warning: unused variable: `x63`
   --> src/lib.rs:274:13
    |
274 |         let x63 = f_su*x35;
    |             ^^^ help: if this is intentional, prefix it with an underscore: `_x63`

warning: unused variable: `x64`
   --> src/lib.rs:275:13
    |
275 |         let x64 = 1.0*if x30 {
    |             ^^^ help: if this is intentional, prefix it with an underscore: `_x64`

warning: unused variable: `x65`
   --> src/lib.rs:280:13
    |
280 |         let x65 = x46*if x27 {
    |             ^^^ help: if this is intentional, prefix it with an underscore: `_x65`

warning: unused variable: `x66`
   --> src/lib.rs:285:13
    |
285 |         let x66 = f_se*x35;
    |             ^^^ help: if this is intentional, prefix it with an underscore: `_x66`

warning: unused variable: `x67`
   --> src/lib.rs:286:13
    |
286 |         let x67 = 1.0*if x41 {
    |             ^^^ help: if this is intentional, prefix it with an underscore: `_x67`

warning: unused variable: `x68`
   --> src/lib.rs:291:13
    |
291 |         let x68 = x47*if x38 {
    |             ^^^ help: if this is intentional, prefix it with an underscore: `_x68`

warning: unused variable: `x69`
   --> src/lib.rs:296:13
    |
296 |         let x69 = 1.0*x48;
    |             ^^^ help: if this is intentional, prefix it with an underscore: `_x69`

warning: unused variable: `x70`
   --> src/lib.rs:297:13
    |
297 |         let x70 = 1.0*x52;
    |             ^^^ help: if this is intentional, prefix it with an underscore: `_x70`

warning: unused variable: `t`
   --> src/lib.rs:157:79
    |
157 |     let rhs = |y: &diffsol::NalgebraVec<f64>, _p: &diffsol::NalgebraVec<f64>, t: f64, dy: &mut diffsol::NalgebraVec<f64>| {
    |                                                                               ^ help: if this is intentional, prefix it with an underscore: `_t`

warning: unused variable: `QMetab`
   --> src/lib.rs:325:13
    |
325 |         let QMetab = y[4];
    |             ^^^^^^ help: if this is intentional, prefix it with an underscore: `_QMetab`

warning: unused variable: `QGut`
   --> src/lib.rs:326:13
    |
326 |         let QGut = y[5];
    |             ^^^^ help: if this is intentional, prefix it with an underscore: `_QGut`

warning: unused variable: `QExcret`
   --> src/lib.rs:333:13
    |
333 |         let QExcret = y[12];
    |             ^^^^^^^ help: if this is intentional, prefix it with an underscore: `_QExcret`

warning: unused variable: `x1`
   --> src/lib.rs:338:13
    |
338 |         let x1 = -1.0*QArt*x0;
    |             ^^ help: if this is intentional, prefix it with an underscore: `_x1`

warning: unused variable: `x3`
   --> src/lib.rs:340:13
    |
340 |         let x3 = QFat*x2;
    |             ^^ help: if this is intentional, prefix it with an underscore: `_x3`

warning: unused variable: `x6`
   --> src/lib.rs:343:13
    |
343 |         let x6 = QRich*x5;
    |             ^^ help: if this is intentional, prefix it with an underscore: `_x6`

warning: unused variable: `x9`
   --> src/lib.rs:346:13
    |
346 |         let x9 = QPoor*x8;
    |             ^^ help: if this is intentional, prefix it with an underscore: `_x9`

warning: unused variable: `x21`
   --> src/lib.rs:366:13
    |
366 |         let x21 = fub*if x18 {
    |             ^^^ help: if this is intentional, prefix it with an underscore: `_x21`

warning: unused variable: `x23`
   --> src/lib.rs:372:13
    |
372 |         let x23 = FLiver*x22;
    |             ^^^ help: if this is intentional, prefix it with an underscore: `_x23`

warning: unused variable: `x25`
   --> src/lib.rs:374:13
    |
374 |         let x25 = x12*x24;
    |             ^^^ help: if this is intentional, prefix it with an underscore: `_x25`

warning: unused variable: `x28`
   --> src/lib.rs:377:13
    |
377 |         let x28 = if x27 {
    |             ^^^ help: if this is intentional, prefix it with an underscore: `_x28`

warning: unused variable: `x34`
   --> src/lib.rs:391:13
    |
391 |         let x34 = x31*x33;
    |             ^^^ help: if this is intentional, prefix it with an underscore: `_x34`

warning: unused variable: `x36`
   --> src/lib.rs:393:13
    |
393 |         let x36 = FSkin_u*x22;
    |             ^^^ help: if this is intentional, prefix it with an underscore: `_x36`

warning: unused variable: `x39`
   --> src/lib.rs:396:13
    |
396 |         let x39 = if x38 {
    |             ^^^ help: if this is intentional, prefix it with an underscore: `_x39`

warning: unused variable: `x44`
   --> src/lib.rs:409:13
    |
409 |         let x44 = x42*x43;
    |             ^^^ help: if this is intentional, prefix it with an underscore: `_x44`

warning: unused variable: `x45`
   --> src/lib.rs:410:13
    |
410 |         let x45 = FSkin_e*x22;
    |             ^^^ help: if this is intentional, prefix it with an underscore: `_x45`

warning: unused variable: `x49`
   --> src/lib.rs:414:13
    |
414 |         let x49 = -1.0*QVen*x48;
    |             ^^^ help: if this is intentional, prefix it with an underscore: `_x49`

warning: unused variable: `x51`
   --> src/lib.rs:416:13
    |
416 |         let x51 = x22*x50;
    |             ^^^ help: if this is intentional, prefix it with an underscore: `_x51`

warning: unused variable: `x54`
   --> src/lib.rs:419:13
    |
419 |         let x54 = -1.0*QAir*x52 + x22*x53;
    |             ^^^ help: if this is intentional, prefix it with an underscore: `_x54`

warning: unused variable: `t`
   --> src/lib.rs:317:79
    |
317 | ..., _p: &diffsol::NalgebraVec<f64>, t: f64, v: &diffsol::NalgebraVec<f64>, jv: &mut diffsol::NalgebraVec<f64>| {
    |                                      ^ help: if this is intentional, prefix it with an underscore: `_t`

warning: structure field `BM` should have a snake case name
  --> src/lib.rs:20:9
   |
20 |     pub BM: f64,
   |         ^^ help: convert the identifier to snake case: `bm`
   |
   = note: `#[warn(non_snake_case)]` (part of `#[warn(nonstandard_style)]`) on by default

warning: structure field `BSA` should have a snake case name
  --> src/lib.rs:21:9
   |
21 |     pub BSA: f64,
   |         ^^^ help: convert the identifier to snake case: `bsa`

warning: structure field `scVFat` should have a snake case name
  --> src/lib.rs:22:9
   |
22 |     pub scVFat: f64,
   |         ^^^^^^ help: convert the identifier to snake case: `sc_vfat`

warning: structure field `scVRich` should have a snake case name
  --> src/lib.rs:23:9
   |
23 |     pub scVRich: f64,
   |         ^^^^^^^ help: convert the identifier to snake case: `sc_vrich`

warning: structure field `scVLiver` should have a snake case name
  --> src/lib.rs:24:9
   |
24 |     pub scVLiver: f64,
   |         ^^^^^^^^ help: convert the identifier to snake case: `sc_vliver`

warning: structure field `scVBlood` should have a snake case name
  --> src/lib.rs:25:9
   |
25 |     pub scVBlood: f64,
   |         ^^^^^^^^ help: convert the identifier to snake case: `sc_vblood`

warning: structure field `scVArt` should have a snake case name
  --> src/lib.rs:26:9
   |
26 |     pub scVArt: f64,
   |         ^^^^^^ help: convert the identifier to snake case: `sc_vart`

warning: structure field `scFBlood` should have a snake case name
  --> src/lib.rs:27:9
   |
27 |     pub scFBlood: f64,
   |         ^^^^^^^^ help: convert the identifier to snake case: `sc_fblood`

warning: structure field `scFFat` should have a snake case name
  --> src/lib.rs:28:9
   |
28 |     pub scFFat: f64,
   |         ^^^^^^ help: convert the identifier to snake case: `sc_ffat`

warning: structure field `scFPoor` should have a snake case name
  --> src/lib.rs:29:9
   |
29 |     pub scFPoor: f64,
   |         ^^^^^^^ help: convert the identifier to snake case: `sc_fpoor`

warning: structure field `scFLiver` should have a snake case name
  --> src/lib.rs:30:9
   |
30 |     pub scFLiver: f64,
   |         ^^^^^^^^ help: convert the identifier to snake case: `sc_fliver`

warning: structure field `scFSkin` should have a snake case name
  --> src/lib.rs:31:9
   |
31 |     pub scFSkin: f64,
   |         ^^^^^^^ help: convert the identifier to snake case: `sc_fskin`

warning: structure field `fSA_exposed` should have a snake case name
  --> src/lib.rs:32:9
   |
32 |     pub fSA_exposed: f64,
   |         ^^^^^^^^^^^ help: convert the identifier to snake case: `f_sa_exposed`

warning: structure field `Height_sc` should have a snake case name
  --> src/lib.rs:33:9
   |
33 |     pub Height_sc: f64,
   |         ^^^^^^^^^ help: convert the identifier to snake case: `height_sc`

warning: structure field `Height_vs` should have a snake case name
  --> src/lib.rs:34:9
   |
34 |     pub Height_vs: f64,
   |         ^^^^^^^^^ help: convert the identifier to snake case: `height_vs`

warning: structure field `Falv` should have a snake case name
  --> src/lib.rs:35:9
   |
35 |     pub Falv: f64,
   |         ^^^^ help: convert the identifier to snake case (notice the capitalization): `falv`

warning: structure field `PCFat` should have a snake case name
  --> src/lib.rs:36:9
   |
36 |     pub PCFat: f64,
   |         ^^^^^ help: convert the identifier to snake case: `pcfat`

warning: structure field `PCLiver` should have a snake case name
  --> src/lib.rs:37:9
   |
37 |     pub PCLiver: f64,
   |         ^^^^^^^ help: convert the identifier to snake case: `pcliver`

warning: structure field `PCRich` should have a snake case name
  --> src/lib.rs:38:9
   |
38 |     pub PCRich: f64,
   |         ^^^^^^ help: convert the identifier to snake case: `pcrich`

warning: structure field `PCPoor` should have a snake case name
  --> src/lib.rs:39:9
   |
39 |     pub PCPoor: f64,
   |         ^^^^^^ help: convert the identifier to snake case: `pcpoor`

warning: structure field `PCSkin_sc` should have a snake case name
  --> src/lib.rs:40:9
   |
40 |     pub PCSkin_sc: f64,
   |         ^^^^^^^^^ help: convert the identifier to snake case: `pcskin_sc`

warning: structure field `PCSkin` should have a snake case name
  --> src/lib.rs:41:9
   |
41 |     pub PCSkin: f64,
   |         ^^^^^^ help: convert the identifier to snake case: `pcskin`

warning: structure field `PCAir` should have a snake case name
  --> src/lib.rs:42:9
   |
42 |     pub PCAir: f64,
   |         ^^^^^ help: convert the identifier to snake case: `pcair`

warning: structure field `kGut` should have a snake case name
  --> src/lib.rs:43:9
   |
43 |     pub kGut: f64,
   |         ^^^^ help: convert the identifier to snake case: `k_gut`

warning: structure field `Kp_sc_vs` should have a snake case name
  --> src/lib.rs:44:9
   |
44 |     pub Kp_sc_vs: f64,
   |         ^^^^^^^^ help: convert the identifier to snake case (notice the capitalization): `kp_sc_vs`

warning: structure field `Km` should have a snake case name
  --> src/lib.rs:45:9
   |
45 |     pub Km: f64,
   |         ^^ help: convert the identifier to snake case (notice the capitalization): `km`

warning: structure field `Michaelis` should have a snake case name
  --> src/lib.rs:46:9
   |
46 |     pub Michaelis: f64,
   |         ^^^^^^^^^ help: convert the identifier to snake case: `michaelis`

warning: structure field `Vmax` should have a snake case name
  --> src/lib.rs:47:9
   |
47 |     pub Vmax: f64,
   |         ^^^^ help: convert the identifier to snake case (notice the capitalization): `vmax`

warning: structure field `CLH` should have a snake case name
  --> src/lib.rs:48:9
   |
48 |     pub CLH: f64,
   |         ^^^ help: convert the identifier to snake case: `clh`

warning: structure field `Ke` should have a snake case name
  --> src/lib.rs:49:9
   |
49 |     pub Ke: f64,
   |         ^^ help: convert the identifier to snake case (notice the capitalization): `ke`

warning: structure field `Air` should have a snake case name
  --> src/lib.rs:51:9
   |
51 |     pub Air: f64,
   |         ^^^ help: convert the identifier to snake case: `air`

warning: structure field `Urine` should have a snake case name
  --> src/lib.rs:52:9
   |
52 |     pub Urine: f64,
   |         ^^^^^ help: convert the identifier to snake case (notice the capitalization): `urine`

warning: structure field `Gut` should have a snake case name
  --> src/lib.rs:53:9
   |
53 |     pub Gut: f64,
   |         ^^^ help: convert the identifier to snake case: `gut`

warning: structure field `init_QFat` should have a snake case name
  --> src/lib.rs:56:9
   |
56 |     pub init_QFat: Option<f64>,
   |         ^^^^^^^^^ help: convert the identifier to snake case: `init_qfat`

warning: structure field `init_QRich` should have a snake case name
  --> src/lib.rs:57:9
   |
57 |     pub init_QRich: Option<f64>,
   |         ^^^^^^^^^^ help: convert the identifier to snake case: `init_qrich`

warning: structure field `init_QPoor` should have a snake case name
  --> src/lib.rs:58:9
   |
58 |     pub init_QPoor: Option<f64>,
   |         ^^^^^^^^^^ help: convert the identifier to snake case: `init_qpoor`

warning: structure field `init_QLiver` should have a snake case name
  --> src/lib.rs:59:9
   |
59 |     pub init_QLiver: Option<f64>,
   |         ^^^^^^^^^^^ help: convert the identifier to snake case: `init_qliver`

warning: structure field `init_QMetab` should have a snake case name
  --> src/lib.rs:60:9
   |
60 |     pub init_QMetab: Option<f64>,
   |         ^^^^^^^^^^^ help: convert the identifier to snake case: `init_qmetab`

warning: structure field `init_QGut` should have a snake case name
  --> src/lib.rs:61:9
   |
61 |     pub init_QGut: Option<f64>,
   |         ^^^^^^^^^ help: convert the identifier to snake case: `init_qgut`

warning: structure field `init_QSkin_u` should have a snake case name
  --> src/lib.rs:62:9
   |
62 |     pub init_QSkin_u: Option<f64>,
   |         ^^^^^^^^^^^^ help: convert the identifier to snake case: `init_qskin_u`

warning: structure field `init_QSkin_e` should have a snake case name
  --> src/lib.rs:63:9
   |
63 |     pub init_QSkin_e: Option<f64>,
   |         ^^^^^^^^^^^^ help: convert the identifier to snake case: `init_qskin_e`

warning: structure field `init_QSkin_sc_u` should have a snake case name
  --> src/lib.rs:64:9
   |
64 |     pub init_QSkin_sc_u: Option<f64>,
   |         ^^^^^^^^^^^^^^^ help: convert the identifier to snake case: `init_qskin_sc_u`

warning: structure field `init_QSkin_sc_e` should have a snake case name
  --> src/lib.rs:65:9
   |
65 |     pub init_QSkin_sc_e: Option<f64>,
   |         ^^^^^^^^^^^^^^^ help: convert the identifier to snake case: `init_qskin_sc_e`

warning: structure field `init_QArt` should have a snake case name
  --> src/lib.rs:66:9
   |
66 |     pub init_QArt: Option<f64>,
   |         ^^^^^^^^^ help: convert the identifier to snake case: `init_qart`

warning: structure field `init_QVen` should have a snake case name
  --> src/lib.rs:67:9
   |
67 |     pub init_QVen: Option<f64>,
   |         ^^^^^^^^^ help: convert the identifier to snake case: `init_qven`

warning: structure field `init_QExcret` should have a snake case name
  --> src/lib.rs:68:9
   |
68 |     pub init_QExcret: Option<f64>,
   |         ^^^^^^^^^^^^ help: convert the identifier to snake case: `init_qexcret`

warning: structure field `init_QAir` should have a snake case name
  --> src/lib.rs:69:9
   |
69 |     pub init_QAir: Option<f64>,
   |         ^^^^^^^^^ help: convert the identifier to snake case: `init_qair`

warning: variable `BM` should have a snake case name
  --> src/lib.rs:98:9
   |
98 |     let BM = sim_params.BM;
   |         ^^ help: convert the identifier to snake case: `bm`

warning: variable `BSA` should have a snake case name
  --> src/lib.rs:99:9
   |
99 |     let BSA = sim_params.BSA;
   |         ^^^ help: convert the identifier to snake case: `bsa`

warning: variable `scVFat` should have a snake case name
   --> src/lib.rs:100:9
    |
100 |     let scVFat = sim_params.scVFat;
    |         ^^^^^^ help: convert the identifier to snake case: `sc_vfat`

warning: variable `scVRich` should have a snake case name
   --> src/lib.rs:101:9
    |
101 |     let scVRich = sim_params.scVRich;
    |         ^^^^^^^ help: convert the identifier to snake case: `sc_vrich`

warning: variable `scVLiver` should have a snake case name
   --> src/lib.rs:102:9
    |
102 |     let scVLiver = sim_params.scVLiver;
    |         ^^^^^^^^ help: convert the identifier to snake case: `sc_vliver`

warning: variable `scVBlood` should have a snake case name
   --> src/lib.rs:103:9
    |
103 |     let scVBlood = sim_params.scVBlood;
    |         ^^^^^^^^ help: convert the identifier to snake case: `sc_vblood`

warning: variable `scVArt` should have a snake case name
   --> src/lib.rs:104:9
    |
104 |     let scVArt = sim_params.scVArt;
    |         ^^^^^^ help: convert the identifier to snake case: `sc_vart`

warning: variable `scFBlood` should have a snake case name
   --> src/lib.rs:105:9
    |
105 |     let scFBlood = sim_params.scFBlood;
    |         ^^^^^^^^ help: convert the identifier to snake case: `sc_fblood`

warning: variable `scFFat` should have a snake case name
   --> src/lib.rs:106:9
    |
106 |     let scFFat = sim_params.scFFat;
    |         ^^^^^^ help: convert the identifier to snake case: `sc_ffat`

warning: variable `scFPoor` should have a snake case name
   --> src/lib.rs:107:9
    |
107 |     let scFPoor = sim_params.scFPoor;
    |         ^^^^^^^ help: convert the identifier to snake case: `sc_fpoor`

warning: variable `scFLiver` should have a snake case name
   --> src/lib.rs:108:9
    |
108 |     let scFLiver = sim_params.scFLiver;
    |         ^^^^^^^^ help: convert the identifier to snake case: `sc_fliver`

warning: variable `scFSkin` should have a snake case name
   --> src/lib.rs:109:9
    |
109 |     let scFSkin = sim_params.scFSkin;
    |         ^^^^^^^ help: convert the identifier to snake case: `sc_fskin`

warning: variable `fSA_exposed` should have a snake case name
   --> src/lib.rs:110:9
    |
110 |     let fSA_exposed = sim_params.fSA_exposed;
    |         ^^^^^^^^^^^ help: convert the identifier to snake case: `f_sa_exposed`

warning: variable `Height_sc` should have a snake case name
   --> src/lib.rs:111:9
    |
111 |     let Height_sc = sim_params.Height_sc;
    |         ^^^^^^^^^ help: convert the identifier to snake case: `height_sc`

warning: variable `Height_vs` should have a snake case name
   --> src/lib.rs:112:9
    |
112 |     let Height_vs = sim_params.Height_vs;
    |         ^^^^^^^^^ help: convert the identifier to snake case: `height_vs`

warning: variable `Falv` should have a snake case name
   --> src/lib.rs:113:9
    |
113 |     let Falv = sim_params.Falv;
    |         ^^^^ help: convert the identifier to snake case (notice the capitalization): `falv`

warning: variable `PCFat` should have a snake case name
   --> src/lib.rs:114:9
    |
114 |     let PCFat = sim_params.PCFat;
    |         ^^^^^ help: convert the identifier to snake case: `pcfat`

warning: variable `PCLiver` should have a snake case name
   --> src/lib.rs:115:9
    |
115 |     let PCLiver = sim_params.PCLiver;
    |         ^^^^^^^ help: convert the identifier to snake case: `pcliver`

warning: variable `PCRich` should have a snake case name
   --> src/lib.rs:116:9
    |
116 |     let PCRich = sim_params.PCRich;
    |         ^^^^^^ help: convert the identifier to snake case: `pcrich`

warning: variable `PCPoor` should have a snake case name
   --> src/lib.rs:117:9
    |
117 |     let PCPoor = sim_params.PCPoor;
    |         ^^^^^^ help: convert the identifier to snake case: `pcpoor`

warning: variable `PCSkin_sc` should have a snake case name
   --> src/lib.rs:118:9
    |
118 |     let PCSkin_sc = sim_params.PCSkin_sc;
    |         ^^^^^^^^^ help: convert the identifier to snake case: `pcskin_sc`

warning: variable `PCSkin` should have a snake case name
   --> src/lib.rs:119:9
    |
119 |     let PCSkin = sim_params.PCSkin;
    |         ^^^^^^ help: convert the identifier to snake case: `pcskin`

warning: variable `PCAir` should have a snake case name
   --> src/lib.rs:120:9
    |
120 |     let PCAir = sim_params.PCAir;
    |         ^^^^^ help: convert the identifier to snake case: `pcair`

warning: variable `kGut` should have a snake case name
   --> src/lib.rs:121:9
    |
121 |     let kGut = sim_params.kGut;
    |         ^^^^ help: convert the identifier to snake case: `k_gut`

warning: variable `Kp_sc_vs` should have a snake case name
   --> src/lib.rs:122:9
    |
122 |     let Kp_sc_vs = sim_params.Kp_sc_vs;
    |         ^^^^^^^^ help: convert the identifier to snake case (notice the capitalization): `kp_sc_vs`

warning: variable `Km` should have a snake case name
   --> src/lib.rs:123:9
    |
123 |     let Km = sim_params.Km;
    |         ^^ help: convert the identifier to snake case (notice the capitalization): `km`

warning: variable `Michaelis` should have a snake case name
   --> src/lib.rs:124:9
    |
124 |     let Michaelis = sim_params.Michaelis;
    |         ^^^^^^^^^ help: convert the identifier to snake case: `michaelis`

warning: variable `Vmax` should have a snake case name
   --> src/lib.rs:125:9
    |
125 |     let Vmax = sim_params.Vmax;
    |         ^^^^ help: convert the identifier to snake case (notice the capitalization): `vmax`

warning: variable `CLH` should have a snake case name
   --> src/lib.rs:126:9
    |
126 |     let CLH = sim_params.CLH;
    |         ^^^ help: convert the identifier to snake case: `clh`

warning: variable `Ke` should have a snake case name
   --> src/lib.rs:127:9
    |
127 |     let Ke = sim_params.Ke;
    |         ^^ help: convert the identifier to snake case (notice the capitalization): `ke`

warning: variable `Air` should have a snake case name
   --> src/lib.rs:129:9
    |
129 |     let Air = sim_params.Air;
    |         ^^^ help: convert the identifier to snake case: `air`

warning: variable `Urine` should have a snake case name
   --> src/lib.rs:130:9
    |
130 |     let Urine = sim_params.Urine;
    |         ^^^^^ help: convert the identifier to snake case (notice the capitalization): `urine`

warning: variable `Gut` should have a snake case name
   --> src/lib.rs:131:9
    |
131 |     let Gut = sim_params.Gut;
    |         ^^^ help: convert the identifier to snake case: `gut`

warning: variable `Fat` should have a snake case name
   --> src/lib.rs:132:9
    |
132 |     let Fat = BM*scVFat;
    |         ^^^ help: convert the identifier to snake case (notice the capitalization): `fat`

warning: variable `Rich` should have a snake case name
   --> src/lib.rs:133:9
    |
133 |     let Rich = BM*scVRich;
    |         ^^^^ help: convert the identifier to snake case: `rich`

warning: variable `Liver` should have a snake case name
   --> src/lib.rs:134:9
    |
134 |     let Liver = BM*scVLiver;
    |         ^^^^^ help: convert the identifier to snake case: `liver`

warning: variable `Skin_e` should have a snake case name
   --> src/lib.rs:135:9
    |
135 |     let Skin_e = BSA*Height_vs*fSA_exposed;
    |         ^^^^^^ help: convert the identifier to snake case (notice the capitalization): `skin_e`

warning: variable `Skin_u` should have a snake case name
   --> src/lib.rs:136:9
    |
136 |     let Skin_u = BSA*Height_vs*(1.0 - 1.0*fSA_exposed);
    |         ^^^^^^ help: convert the identifier to snake case (notice the capitalization): `skin_u`

warning: variable `Skin_sc_e` should have a snake case name
   --> src/lib.rs:137:9
    |
137 |     let Skin_sc_e = BSA*Height_sc*fSA_exposed;
    |         ^^^^^^^^^ help: convert the identifier to snake case (notice the capitalization): `skin_sc_e`

warning: variable `Skin_sc_u` should have a snake case name
   --> src/lib.rs:138:9
    |
138 |     let Skin_sc_u = BSA*Height_sc*(1.0 - 1.0*fSA_exposed);
    |         ^^^^^^^^^ help: convert the identifier to snake case (notice the capitalization): `skin_sc_u`

warning: variable `VBlood` should have a snake case name
   --> src/lib.rs:141:9
    |
141 |     let VBlood = BM*scVBlood;
    |         ^^^^^^ help: convert the identifier to snake case: `vblood`

warning: variable `FBlood` should have a snake case name
   --> src/lib.rs:142:9
    |
142 |     let FBlood = scFBlood*BM;
    |         ^^^^^^ help: convert the identifier to snake case: `fblood`

warning: variable `Poor` should have a snake case name
   --> src/lib.rs:143:9
    |
143 |     let Poor = -1.0*Skin_sc_u + (-1.0*Skin_sc_e + (-1.0*Skin_u + (BM*(-1.0*scVBlood + (-1.0*scVLiver + (-1.0*scVRich + (1.0 - 1.0*scVFat)...
    |         ^^^^ help: convert the identifier to snake case: `poor`

warning: variable `Art` should have a snake case name
   --> src/lib.rs:144:9
    |
144 |     let Art = VBlood*scVArt;
    |         ^^^ help: convert the identifier to snake case: `art`

warning: variable `FFat` should have a snake case name
   --> src/lib.rs:145:9
    |
145 |     let FFat = FBlood*scFFat;
    |         ^^^^ help: convert the identifier to snake case (notice the capitalization): `ffat`

warning: variable `FPoor` should have a snake case name
   --> src/lib.rs:146:9
    |
146 |     let FPoor = FBlood*scFPoor;
    |         ^^^^^ help: convert the identifier to snake case: `fpoor`

warning: variable `FLiver` should have a snake case name
   --> src/lib.rs:147:9
    |
147 |     let FLiver = FBlood*scFLiver;
    |         ^^^^^^ help: convert the identifier to snake case: `fliver`

warning: variable `FSkin` should have a snake case name
   --> src/lib.rs:148:9
    |
148 |     let FSkin = FBlood*scFSkin;
    |         ^^^^^ help: convert the identifier to snake case (notice the capitalization): `fskin`

warning: variable `Ven` should have a snake case name
   --> src/lib.rs:149:9
    |
149 |     let Ven = -1.0*Art + VBlood;
    |         ^^^ help: convert the identifier to snake case (notice the capitalization): `ven`

warning: variable `FRich` should have a snake case name
   --> src/lib.rs:150:9
    |
150 |     let FRich = -1.0*FSkin + (-1.0*FLiver + (-1.0*FPoor + (FBlood - 1.0*FFat)));
    |         ^^^^^ help: convert the identifier to snake case: `frich`

warning: variable `FSkin_e` should have a snake case name
   --> src/lib.rs:151:9
    |
151 |     let FSkin_e = FSkin*fSA_exposed;
    |         ^^^^^^^ help: convert the identifier to snake case (notice the capitalization): `fskin_e`

warning: variable `FSkin_u` should have a snake case name
   --> src/lib.rs:152:9
    |
152 |     let FSkin_u = FSkin - 1.0*FSkin_e;
    |         ^^^^^^^ help: convert the identifier to snake case (notice the capitalization): `fskin_u`

warning: variable `QFat` should have a snake case name
   --> src/lib.rs:159:13
    |
159 |         let QFat = y[0];
    |             ^^^^ help: convert the identifier to snake case: `qfat`

warning: variable `QRich` should have a snake case name
   --> src/lib.rs:160:13
    |
160 |         let QRich = y[1];
    |             ^^^^^ help: convert the identifier to snake case: `qrich`

warning: variable `QPoor` should have a snake case name
   --> src/lib.rs:161:13
    |
161 |         let QPoor = y[2];
    |             ^^^^^ help: convert the identifier to snake case: `qpoor`

warning: variable `QLiver` should have a snake case name
   --> src/lib.rs:162:13
    |
162 |         let QLiver = y[3];
    |             ^^^^^^ help: convert the identifier to snake case: `qliver`

warning: variable `QMetab` should have a snake case name
   --> src/lib.rs:163:13
    |
163 |         let QMetab = y[4];
    |             ^^^^^^ help: convert the identifier to snake case: `qmetab`

warning: variable `QGut` should have a snake case name
   --> src/lib.rs:164:13
    |
164 |         let QGut = y[5];
    |             ^^^^ help: convert the identifier to snake case: `qgut`

warning: variable `QSkin_u` should have a snake case name
   --> src/lib.rs:165:13
    |
165 |         let QSkin_u = y[6];
    |             ^^^^^^^ help: convert the identifier to snake case: `qskin_u`

warning: variable `QSkin_e` should have a snake case name
   --> src/lib.rs:166:13
    |
166 |         let QSkin_e = y[7];
    |             ^^^^^^^ help: convert the identifier to snake case: `qskin_e`

warning: variable `QSkin_sc_u` should have a snake case name
   --> src/lib.rs:167:13
    |
167 |         let QSkin_sc_u = y[8];
    |             ^^^^^^^^^^ help: convert the identifier to snake case: `qskin_sc_u`

warning: variable `QSkin_sc_e` should have a snake case name
   --> src/lib.rs:168:13
    |
168 |         let QSkin_sc_e = y[9];
    |             ^^^^^^^^^^ help: convert the identifier to snake case: `qskin_sc_e`

warning: variable `QArt` should have a snake case name
   --> src/lib.rs:169:13
    |
169 |         let QArt = y[10];
    |             ^^^^ help: convert the identifier to snake case: `qart`

warning: variable `QVen` should have a snake case name
   --> src/lib.rs:170:13
    |
170 |         let QVen = y[11];
    |             ^^^^ help: convert the identifier to snake case: `qven`

warning: variable `QExcret` should have a snake case name
   --> src/lib.rs:171:13
    |
171 |         let QExcret = y[12];
    |             ^^^^^^^ help: convert the identifier to snake case: `qexcret`

warning: variable `QAir` should have a snake case name
   --> src/lib.rs:172:13
    |
172 |         let QAir = y[13];
    |             ^^^^ help: convert the identifier to snake case: `qair`

warning: variable `QFat` should have a snake case name
   --> src/lib.rs:321:13
    |
321 |         let QFat = y[0];
    |             ^^^^ help: convert the identifier to snake case: `qfat`

warning: variable `QRich` should have a snake case name
   --> src/lib.rs:322:13
    |
322 |         let QRich = y[1];
    |             ^^^^^ help: convert the identifier to snake case: `qrich`

warning: variable `QPoor` should have a snake case name
   --> src/lib.rs:323:13
    |
323 |         let QPoor = y[2];
    |             ^^^^^ help: convert the identifier to snake case: `qpoor`

warning: variable `QLiver` should have a snake case name
   --> src/lib.rs:324:13
    |
324 |         let QLiver = y[3];
    |             ^^^^^^ help: convert the identifier to snake case: `qliver`

warning: variable `QMetab` should have a snake case name
   --> src/lib.rs:325:13
    |
325 |         let QMetab = y[4];
    |             ^^^^^^ help: convert the identifier to snake case: `qmetab`

warning: variable `QGut` should have a snake case name
   --> src/lib.rs:326:13
    |
326 |         let QGut = y[5];
    |             ^^^^ help: convert the identifier to snake case: `qgut`

warning: variable `QSkin_u` should have a snake case name
   --> src/lib.rs:327:13
    |
327 |         let QSkin_u = y[6];
    |             ^^^^^^^ help: convert the identifier to snake case: `qskin_u`

warning: variable `QSkin_e` should have a snake case name
   --> src/lib.rs:328:13
    |
328 |         let QSkin_e = y[7];
    |             ^^^^^^^ help: convert the identifier to snake case: `qskin_e`

warning: variable `QSkin_sc_u` should have a snake case name
   --> src/lib.rs:329:13
    |
329 |         let QSkin_sc_u = y[8];
    |             ^^^^^^^^^^ help: convert the identifier to snake case: `qskin_sc_u`

warning: variable `QSkin_sc_e` should have a snake case name
   --> src/lib.rs:330:13
    |
330 |         let QSkin_sc_e = y[9];
    |             ^^^^^^^^^^ help: convert the identifier to snake case: `qskin_sc_e`

warning: variable `QArt` should have a snake case name
   --> src/lib.rs:331:13
    |
331 |         let QArt = y[10];
    |             ^^^^ help: convert the identifier to snake case: `qart`

warning: variable `QVen` should have a snake case name
   --> src/lib.rs:332:13
    |
332 |         let QVen = y[11];
    |             ^^^^ help: convert the identifier to snake case: `qven`

warning: variable `QExcret` should have a snake case name
   --> src/lib.rs:333:13
    |
333 |         let QExcret = y[12];
    |             ^^^^^^^ help: convert the identifier to snake case: `qexcret`

warning: variable `QAir` should have a snake case name
   --> src/lib.rs:334:13
    |
334 |         let QAir = y[13];
    |             ^^^^ help: convert the identifier to snake case: `qair`

warning: `sbml_wasm_project` (lib) generated 167 warnings
    Finished `release` profile [optimized] target(s) in 1m 01s
[INFO]: Installing wasm-bindgen...
[INFO]: Optimizing wasm binaries with `wasm-opt`...
[INFO]: Optional fields missing from Cargo.toml: 'description', 'repository', and 'license'. These are not necessary, but recommended
[INFO]: :-) Done in 7m 55s
[INFO]: :-) Your wasm pkg is ready to publish at /tmp/wasm_output.
Copying output to /app/pkg...
Build complete! Output in /app/pkg
